// Vitest Snapshot v1, https://vitest.dev/guide/snapshot.html

exports[`ParticipantKeyHandler > ratchetKey > ratchets keys predictably > ciphertexts 1`] = `
[
  Uint8Array [
    42,
    226,
    94,
    49,
    152,
    18,
    79,
    1,
    55,
    190,
    250,
    80,
    143,
    19,
    134,
    218,
    200,
    55,
    87,
    102,
    117,
    217,
    130,
    48,
    11,
    66,
    63,
    102,
    115,
    144,
    117,
    92,
    232,
  ],
  Uint8Array [
    4,
    164,
    120,
    76,
    172,
    225,
    17,
    14,
    176,
    186,
    111,
    5,
    10,
    176,
    29,
    42,
    19,
    215,
    72,
    227,
    203,
    139,
    219,
    147,
    85,
    78,
    62,
    191,
    186,
    123,
    248,
    60,
    147,
  ],
  Uint8Array [
    58,
    173,
    85,
    162,
    211,
    200,
    200,
    87,
    214,
    65,
    218,
    92,
    74,
    53,
    143,
    183,
    58,
    242,
    19,
    39,
    226,
    180,
    204,
    127,
    109,
    219,
    156,
    152,
    103,
    158,
    186,
    240,
    161,
  ],
  Uint8Array [
    46,
    137,
    107,
    8,
    239,
    248,
    217,
    214,
    106,
    234,
    103,
    34,
    108,
    179,
    18,
    186,
    5,
    33,
    31,
    21,
    9,
    48,
    194,
    205,
    206,
    136,
    6,
    179,
    64,
    150,
    126,
    175,
    132,
  ],
  Uint8Array [
    249,
    123,
    86,
    179,
    18,
    9,
    149,
    42,
    110,
    112,
    29,
    193,
    208,
    63,
    48,
    118,
    15,
    186,
    27,
    101,
    23,
    31,
    111,
    152,
    193,
    235,
    89,
    25,
    161,
    246,
    231,
    198,
    126,
  ],
  Uint8Array [
    56,
    134,
    196,
    195,
    242,
    10,
    187,
    122,
    111,
    179,
    147,
    206,
    74,
    153,
    45,
    244,
    88,
    119,
    25,
    114,
    11,
    2,
    149,
    121,
    227,
    219,
    39,
    11,
    13,
    175,
    182,
    168,
    96,
  ],
  Uint8Array [
    36,
    12,
    119,
    157,
    146,
    42,
    43,
    107,
    61,
    43,
    242,
    166,
    11,
    180,
    148,
    39,
    177,
    248,
    194,
    166,
    201,
    53,
    192,
    57,
    62,
    70,
    37,
    252,
    243,
    156,
    140,
    185,
    42,
  ],
  Uint8Array [
    222,
    127,
    32,
    228,
    99,
    198,
    31,
    158,
    192,
    101,
    82,
    129,
    175,
    153,
    112,
    43,
    57,
    207,
    246,
    54,
    127,
    165,
    99,
    254,
    4,
    178,
    40,
    53,
    66,
    92,
    13,
    69,
    0,
  ],
  Uint8Array [
    249,
    181,
    181,
    168,
    27,
    48,
    221,
    221,
    174,
    187,
    16,
    153,
    144,
    156,
    164,
    232,
    185,
    202,
    132,
    58,
    75,
    156,
    232,
    238,
    191,
    33,
    9,
    31,
    151,
    43,
    224,
    136,
    190,
  ],
  Uint8Array [
    58,
    99,
    16,
    151,
    148,
    131,
    138,
    94,
    230,
    95,
    38,
    81,
    137,
    162,
    78,
    61,
    243,
    207,
    255,
    109,
    48,
    248,
    217,
    135,
    133,
    248,
    56,
    74,
    41,
    113,
    153,
    108,
    202,
  ],
]
`;
